<html>
<body>
<pre>
<h1>µVision Build Log</h1>
<h2>Project:</h2>
C:\Keil\Labware\test_project\SpaceInvaders.uvproj
Project File Date:  05/12/2023

<h2>Output:</h2>
Build target 'SpaceInvaders'
compiling interrupt.c...
linking...
Program Size: Code=3298 RO-data=874 RW-data=96 ZI-data=1680  
".\SpaceInvaders.axf" - 0 Error(s), 0 Warning(s).
</pre>
</body>
</html>
g, 0 errors
compiling check_winner.c...
logic\check_winner.c(2): warning:  #1-D: last line of file ends without a newline
  }
logic\check_winner.c: 1 warning, 0 errors
linking...
.\SpaceInvaders.axf: Error: L6218E: Undefined symbol checkWinner (referred from interrupt.o).
Not enough information to list image symbols.
Finished: 1 information, 0 warning and 1 error messages.
".\SpaceInvaders.axf" - 1 Error(s), 2 Warning(s).
Target not created
aw.o and interrupt.o).
.\SpaceInvaders.axf: Error: L6200E: Symbol j multiply defined (by draw.o and interrupt.o).
.\SpaceInvaders.axf: Error: L6200E: Symbol k multiply defined (by draw.o and interrupt.o).
Not enough information to list image symbols.
Not enough information to list the image map.
Finished: 2 information, 0 warning and 7 error messages.
".\SpaceInvaders.axf" - 7 Error(s), 1 Warning(s).
Target not created
t created
