<html>
<body>
<pre>
<h1>µVision Build Log</h1>
<h2>Project:</h2>
C:\Users\Muhammed-PC\Desktop\XO-game-tm4c123\Source\XOGame.uvproj
Project File Date:  05/18/2023

<h2>Output:</h2>
Build target 'SpaceInvaders'
compiling interrupt.c...
compiling UART.c...
linking...
Program Size: Code=6382 RO-data=874 RW-data=128 ZI-data=1680  
".\SpaceInvaders.axf" - 0 Error(s), 0 Warning(s).
Load "C:\\Users\\Muhammed-PC\\Desktop\\XO-game-tm4c123\\Source\\SpaceInvaders.axf" 
Connecting: Mode=JTAG, Speed=1000000Hz
Erase Done.
Programming Done.
Verify OK.
</pre>
</body>
</html>
s.c...
compiling check_winner.c...
compiling Run.c...
linking...
Program Size: Code=6322 RO-data=874 RW-data=128 ZI-data=1680  
".\SpaceInvaders.axf" - 0 Error(s), 1 Warning(s).
