<html>
<body>
<pre>
<h1>µVision Build Log</h1>
<h2>Project:</h2>
C:\Keil\Labware\XO-game-tm4c123\Source\XOGame.uvproj
Project File Date:  05/19/2023

<h2>Output:</h2>
Build target 'SpaceInvaders'
compiling XoGame.c...
compiling interrupt.c...
compiling UART.c...
compiling Run.c...
linking...
Program Size: Code=7422 RO-data=1970 RW-data=128 ZI-data=1680  
".\SpaceInvaders.axf" - 0 Error(s), 0 Warning(s).
</pre>
</body>
</html>
ling ADC.c...
compiling check_winner.c...
compiling Run.c...
linking...
Program Size: Code=7322 RO-data=1970 RW-data=128 ZI-data=1680  
".\SpaceInvaders.axf" - 0 Error(s), 0 Warning(s).
